
> frontend@0.0.0 build
> tsc -b && vite build

src/components/admin/UserTable.tsx(14,39): error TS2345: Argument of type 'ApiResponse<User[]>' is not assignable to parameter of type 'SetStateAction<User[]>'.
src/components/forms/CreateProjectForm.tsx(6,10): error TS2305: Module '"../../services/api"' has no exported member 'getContractors'.
src/components/forms/CreateProjectForm.tsx(26,28): error TS7006: Parameter 'res' implicitly has an 'any' type.
src/context/AuthContext.tsx(3,10): error TS2305: Module '"../services/api"' has no exported member 'setAuthToken'.
src/pages/AuthDashboard.tsx(33,20): error TS2345: Argument of type 'ApiResponse<DashboardAnalytics>' is not assignable to parameter of type 'SetStateAction<DashboardAnalytics | null>'.
src/pages/AuthDashboard.tsx(34,32): error TS2339: Property 'items' does not exist on type 'ApiResponse<PaginatedData<Project>>'.
src/pages/CreateProject.tsx(17,35): error TS2339: Property 'id' does not exist on type 'ApiResponse<Project>'.
src/pages/ProjectDetail.tsx(40,18): error TS2345: Argument of type 'ApiResponse<Project>' is not assignable to parameter of type 'SetStateAction<Project | null>'.
src/pages/ProjectDetail.tsx(57,21): error TS2345: Argument of type '(prev: Transaction[]) => (Transaction | ApiResponse<{ transaction: Transaction; project: Project; }>)[]' is not assignable to parameter of type 'SetStateAction<Transaction[]>'.
  Type '(prev: Transaction[]) => (Transaction | ApiResponse<{ transaction: Transaction; project: Project; }>)[]' is not assignable to type '(prevState: Transaction[]) => Transaction[]'.
    Type '(Transaction | ApiResponse<{ transaction: Transaction; project: Project; }>)[]' is not assignable to type 'Transaction[]'.
      Type 'Transaction | ApiResponse<{ transaction: Transaction; project: Project; }>' is not assignable to type 'Transaction'.
        Type 'ApiResponse<{ transaction: Transaction; project: Project; }>' is missing the following properties from type 'Transaction': id, projectId, amount, purpose, and 6 more.
src/pages/PublicDashboard.tsx(34,32): error TS2339: Property 'items' does not exist on type 'ApiResponse<PaginatedData<Project>>'.
src/pages/PublicDashboard.tsx(35,29): error TS2339: Property 'pagination' does not exist on type 'ApiResponse<PaginatedData<Project>>'.
src/pages/PublicDashboard.tsx(36,20): error TS2345: Argument of type 'ApiResponse<DashboardAnalytics>' is not assignable to parameter of type 'SetStateAction<DashboardAnalytics | null>'.
src/pages/UploadProof.tsx(20,33): error TS2345: Argument of type 'ApiResponse<Project>' is not assignable to parameter of type 'SetStateAction<Project | null>'.
src/pages/UploadProof.tsx(26,54): error TS2345: Argument of type 'File[]' is not assignable to parameter of type 'File'.
  Type 'File[]' is missing the following properties from type 'File': lastModified, name, webkitRelativePath, size, and 5 more.
src/pages/UploadProof.tsx(28,33): error TS2339: Property 'ipfsHash' does not exist on type 'ApiResponse<Proof>'.
